Running Gradle task 'assembleDebug'...                             16.5s
√ Built build\app\outputs\flutter-apk\app-debug.apk
