Analyzing manaals_tutoring_app...                               

   info - Don't use 'BuildContext's across async gaps, guarded by an unrelated 'mounted' check - lib\features\admin\screens\admin_announcements_screen.dart:247:45 - use_build_context_synchronously
   info - Don't use 'BuildContext's across async gaps, guarded by an unrelated 'mounted' check - lib\features\admin\screens\admin_announcements_screen.dart:248:55 - use_build_context_synchronously
   info - Don't use 'BuildContext's across async gaps, guarded by an unrelated 'mounted' check - lib\features\admin\screens\admin_batches_screen.dart:324:45 - use_build_context_synchronously
   info - Don't use 'BuildContext's across async gaps, guarded by an unrelated 'mounted' check - lib\features\admin\screens\admin_batches_screen.dart:325:55 - use_build_context_synchronously
   info - Don't use 'BuildContext's across async gaps, guarded by an unrelated 'mounted' check - lib\features\admin\screens\admin_batches_screen.dart:465:43 - use_build_context_synchronously
   info - Don't use 'BuildContext's across async gaps, guarded by an unrelated 'mounted' check - lib\features\admin\screens\admin_batches_screen.dart:466:53 - use_build_context_synchronously
   info - Don't use 'BuildContext's across async gaps, guarded by an unrelated 'mounted' check - lib\features\admin\screens\admin_fees_screen.dart:311:59 - use_build_context_synchronously
  error - Invalid constant value - lib\features\admin\screens\admin_students_screen.dart:261:63 - invalid_constant
   info - Don't use 'BuildContext's across async gaps, guarded by an unrelated 'mounted' check - lib\features\admin\screens\admin_students_screen.dart:377:43 - use_build_context_synchronously
   info - Don't use 'BuildContext's across async gaps, guarded by an unrelated 'mounted' check - lib\features\admin\screens\admin_students_screen.dart:378:53 - use_build_context_synchronously
   info - 'value' is deprecated and shouldn't be used. Use initialValue instead. This will set the initial value for the form field. This feature was deprecated after v3.33.0-1.0.pre - lib\features\admin\screens\admin_students_screen.dart:523:25 - deprecated_member_use
   info - Don't use 'BuildContext's across async gaps, guarded by an unrelated 'mounted' check - lib\features\admin\screens\admin_students_screen.dart:555:43 - use_build_context_synchronously
   info - Don't use 'BuildContext's across async gaps, guarded by an unrelated 'mounted' check - lib\features\admin\screens\admin_students_screen.dart:556:53 - use_build_context_synchronously
   info - 'groupValue' is deprecated and shouldn't be used. Use a RadioGroup ancestor to manage group value instead. This feature was deprecated after v3.32.0-0.0.pre - lib\features\admin\screens\admin_students_screen.dart:597:19 - deprecated_member_use
   info - 'onChanged' is deprecated and shouldn't be used. Use RadioGroup to handle value change instead. This feature was deprecated after v3.32.0-0.0.pre - lib\features\admin\screens\admin_students_screen.dart:598:19 - deprecated_member_use
   info - 'groupValue' is deprecated and shouldn't be used. Use a RadioGroup ancestor to manage group value instead. This feature was deprecated after v3.32.0-0.0.pre - lib\features\admin\screens\admin_students_screen.dart:636:19 - deprecated_member_use
   info - 'onChanged' is deprecated and shouldn't be used. Use RadioGroup to handle value change instead. This feature was deprecated after v3.32.0-0.0.pre - lib\features\admin\screens\admin_students_screen.dart:637:19 - deprecated_member_use
   info - Don't use 'BuildContext's across async gaps, guarded by an unrelated 'mounted' check - lib\features\professor\screens\professor_tests_screen.dart:328:45 - use_build_context_synchronously
   info - Don't use 'BuildContext's across async gaps, guarded by an unrelated 'mounted' check - lib\features\professor\screens\professor_tests_screen.dart:329:55 - use_build_context_synchronously

